{ 10.58 10.06 9.95 }
print/billboard_10920x3640mm_1-10scale_300dpi.png: 13016 × 4416 px at 300 dpi (1102.0 × 374.0 mm with bleed)
print/meishi_en_91x55mm_600dpi.png: 2288 × 1438 px at 600 dpi (97.0 × 61.0 mm with bleed)
print/plates/meishi_en_plate-sumi_600dpi.png: 2288 × 1438 px at 600 dpi (97.0 × 61.0 mm with bleed)
print/plates/meishi_en_plate-verm_600dpi.png: 2288 × 1438 px at 600 dpi (97.0 × 61.0 mm with bleed)
print/plates/meishi_en_plate-fount_600dpi.png: 2288 × 1438 px at 600 dpi (97.0 × 61.0 mm with bleed)
print/plates/meishi_en_plate-blind_600dpi.png: 2288 × 1438 px at 600 dpi (97.0 × 61.0 mm with bleed)
print/meishi_jp_91x55mm_600dpi.png: 2288 × 1438 px at 600 dpi (97.0 × 61.0 mm with bleed)
print/plates/meishi_jp_plate-sumi_600dpi.png: 2288 × 1438 px at 600 dpi (97.0 × 61.0 mm with bleed)
print/plates/meishi_jp_plate-verm_600dpi.png: 2288 × 1438 px at 600 dpi (97.0 × 61.0 mm with bleed)
print/plates/meishi_jp_plate-fount_600dpi.png: 2288 × 1438 px at 600 dpi (97.0 × 61.0 mm with bleed)
print/plates/meishi_jp_plate-blind_600dpi.png: 2288 × 1438 px at 600 dpi (97.0 × 61.0 mm with bleed)
print/tee_back_on-indigo_300dpi.png: 3541 × 5550 px at 300 dpi (300.0 × 470.0 mm with bleed)
print/tee_back_film_300dpi.png: 3541 × 5550 px at 300 dpi (300.0 × 470.0 mm with bleed)
print/tee_chest_on-indigo_300dpi.png: 1178 × 353 px at 300 dpi (100.0 × 30.0 mm with bleed)
print/tee_chest_film_300dpi.png: 1178 × 353 px at 300 dpi (100.0 × 30.0 mm with bleed)
print/plates/tee_back_screen-cream_300dpi.png: 3541 × 5550 px at 300 dpi (300.0 × 470.0 mm with bleed)
print/plates/tee_back_screen-gold_300dpi.png: 3541 × 5550 px at 300 dpi (300.0 × 470.0 mm with bleed)
print/plates/tee_back_screen-orange_300dpi.png: 3541 × 5550 px at 300 dpi (300.0 × 470.0 mm with bleed)
print/plates/tee_back_screen-coral_300dpi.png: 3541 × 5550 px at 300 dpi (300.0 × 470.0 mm with bleed)
print/plates/tee_back_screen-rose_300dpi.png: 3541 × 5550 px at 300 dpi (300.0 × 470.0 mm with bleed)
print/plates/tee_back_screen-plum_300dpi.png: 3541 × 5550 px at 300 dpi (300.0 × 470.0 mm with bleed)
print/plates/tee_back_screen-verm_300dpi.png: 3541 × 5550 px at 300 dpi (300.0 × 470.0 mm with bleed)
print/plates/tee_chest_screen-cream_300dpi.png: 1178 × 353 px at 300 dpi (100.0 × 30.0 mm with bleed)
print/plates/tee_chest_screen-gold_300dpi.png: 1178 × 353 px at 300 dpi (100.0 × 30.0 mm with bleed)
print/plates/tee_chest_screen-orange_300dpi.png: 1178 × 353 px at 300 dpi (100.0 × 30.0 mm with bleed)
print/plates/tee_chest_screen-verm_300dpi.png: 1178 × 353 px at 300 dpi (100.0 × 30.0 mm with bleed)
print/b0_1_1030x1456mm_150dpi.png: 6117 × 8633 px at 150 dpi (1036.0 × 1462.0 mm with bleed)
print/b0_2_1030x1456mm_150dpi.png: 6117 × 8633 px at 150 dpi (1036.0 × 1462.0 mm with bleed)
print/b0_3_1030x1456mm_150dpi.png: 6117 × 8633 px at 150 dpi (1036.0 × 1462.0 mm with bleed)
print/corridor_sheet1_B0_150dpi.png: 6117 × 8633 px at 150 dpi (1036.0 × 1462.0 mm with bleed)
[page] Failed to load resource: the server responded with a status of 404 (Not Found)
print/corridor_sheet2_B0_150dpi.png: 6117 × 8633 px at 150 dpi (1036.0 × 1462.0 mm with bleed)
print/corridor_sheet3_B0_150dpi.png: 6117 × 8633 px at 150 dpi (1036.0 × 1462.0 mm with bleed)
[page] Failed to load resource: the server responded with a status of 404 (Not Found)
print/corridor_sheet4_B0_150dpi.png: 6117 × 8633 px at 150 dpi (1036.0 × 1462.0 mm with bleed)
print/corridor_sheet5_B0_150dpi.png: 6117 × 8633 px at 150 dpi (1036.0 × 1462.0 mm with bleed)
print/corridor_5150x1456mm_preview_40dpi.png: 8120 × 2302 px at 40 dpi (5156.0 × 1462.0 mm with bleed)
ALL DONE
